
> mobily-monorepo@0.0.0 build /home/kiran/code-wsl/mobily
> turbo run build

• turbo 2.10.4

   • Packages in scope: @mobily/shared, mobily, mobily-android, mobily-website
   • Running build in 4 packages
   • Remote caching disabled

@mobily/shared:build: cache miss, executing 924239789e98b4a3
mobily-website:build: cache hit, replaying logs 37170cb87c74e64b
mobily-website:build: 
mobily-website:build: > mobily-website@0.1.0 build /home/kiran/code-wsl/mobily/website
mobily-website:build: > next build && node tests/assert-vercel-output.mjs
mobily-website:build: 
mobily-website:build: [1m[38;2;173;127;168m▲ Next.js 16.2.6[39m[22m (Turbopack)
mobily-website:build: 
mobily-website:build: [37m[1m [22m[39m Creating an optimized production build ...
mobily-website:build: [32m[1m✓[22m[39m Compiled successfully in 2.5s
mobily-website:build: [?25l[37m[1m [22m[39m Running TypeScript  [36m.[39m[2K[1G[37m[1m [22m[39m Running TypeScript  [36m..[39m[2K[1G[37m[1m [22m[39m Running TypeScript  [36m...[39m[2K[1G[37m[1m [22m[39m Running TypeScript  [36m.[39m[2K[1G[37m[1m [22m[39m Running TypeScript  [36m..[39m[2K[1G[37m[1m [22m[39m Running TypeScript  [36m...[39m[2K[1G[37m[1m [22m[39m Running TypeScript  [36m.[39m[2K[1G[37m[1m [22m[39m Running TypeScript  [36m..[39m[2K[1G[37m[1m [22m[39m Running TypeScript  [36m...[39m[2K[1G[37m[1m [22m[39m Running TypeScript  [36m.[39m[2K[1G[37m[1m [22m[39m Running TypeScript  [36m..[39m[2K[1G[37m[1m [22m[39m Running TypeScript  [36m...[39m[2K[1G[37m[1m [22m[39m Running TypeScript  [36m.[39m[2K[1G[?25h[?25l[37m[1m [22m[39m Finished TypeScript in 2.5s  [36m.[39m[2K[1G[?25h[37m[1m [22m[39m Finished TypeScript in 2.5s    mobily-website:build: [32m[1m✓[22m[39m Finished TypeScript in 2.5s 
mobily-website:build: [?25l[37m[1m [22m[39m Collecting page data using 4 workers  [36m.[39m[2K[1G[37m[1m [22m[39m Collecting page data using 4 workers  [36m..[39m[2K[1G[?25h[37m[1m [22m[39m Collecting page data using 4 workers in 254ms    mobily-website:build: [32m[1m✓[22m[39m Collecting page data using 4 workers in 254ms 
mobily-website:build: [?25l[37m[1m [22m[39m Generating static pages using 4 workers (0/3)  [36m[    ][39m[2K[1G[37m[1m [22m[39m Generating static pages using 4 workers (0/3)  [36m[=   ][39m[2K[1G[?25h[32m[1m✓[22m[39m Generating static pages using 4 workers (3/3) in 269ms
mobily-website:build: [?25l[37m[1m [22m[39m Finalizing page optimization  [36m.[39m[2K[1G[?25h[37m[1m [22m[39m Finalizing page optimization in 8ms    mobily-website:build: [32m[1m✓[22m[39m Finalizing page optimization in 8ms 
mobily-website:build: 
mobily-website:build: [4mRoute (app)[24m
mobily-website:build: ┌ ƒ /
mobily-website:build: └ ƒ /_not-found
mobily-website:build: 
mobily-website:build: 
mobily-website:build: ƒ  (Dynamic)  server-rendered on demand
mobily-website:build: 
mobily-website:build: [?25h
@mobily/shared:build: 
@mobily/shared:build: > @mobily/shared@0.0.0 build /home/kiran/code-wsl/mobily/shared
@mobily/shared:build: > tsup
@mobily/shared:build: 
@mobily/shared:build: CLI Building entry: src/index.ts
@mobily/shared:build: CLI Using tsconfig: tsconfig.json
@mobily/shared:build: CLI tsup v8.5.1
@mobily/shared:build: CLI Using tsup config: /home/kiran/code-wsl/mobily/shared/tsup.config.ts
@mobily/shared:build: CLI Target: node20
@mobily/shared:build: CLI Cleaning output folder
@mobily/shared:build: ESM Build start
@mobily/shared:build: ESM dist/index.js     20.70 KB
@mobily/shared:build: ESM dist/index.js.map 47.20 KB
@mobily/shared:build: ESM ⚡️ Build success in 31ms
@mobily/shared:build: DTS Build start
@mobily/shared:build: DTS ⚡️ Build success in 1328ms
@mobily/shared:build: DTS dist/index.d.ts 12.43 KB
mobily:build: cache miss, executing 90a4893fb56d9fb7
mobily:build: 
mobily:build: > mobily@0.0.0 build /home/kiran/code-wsl/mobily/cli
mobily:build: > tsup
mobily:build: 
mobily:build: CLI Building entry: src/index.ts
mobily:build: CLI Using tsconfig: tsconfig.json
mobily:build: CLI tsup v8.5.1
mobily:build: CLI Using tsup config: /home/kiran/code-wsl/mobily/cli/tsup.config.ts
mobily:build: CLI Target: node20
mobily:build: CLI Cleaning output folder
mobily:build: ESM Build start
mobily:build: ESM dist/index.js     123.15 KB
mobily:build: ESM dist/index.js.map 261.08 KB
mobily:build: ESM ⚡️ Build success in 59ms

 Tasks:    3 successful, 3 total
Cached:    1 cached, 3 total
  Time:    3.752s 

