Connection to host tunnel relay restored.
Hosting port: 39165
Connect via browser: https://b933bs6j-39165.asse.devtunnels.ms
mobily v0.0.0
Tunnel:       wss://b933bs6j-39165.asse.devtunnels.ms/
Session:      tmux (mobily-cli-c7358b80)
Workstation:  open a second terminal (pairing QR stays visible here)
Attach:       tmux attach-session -t mobily-cli-c7358b80

  Scan this QR with the Mobily app to pair your device:

  [47m[30m ▄▄▄▄▄▄▄  ▄  ▄  ▄   ▄ ▄       ▄▄▄▄   ▄ ▄▄▄▄▄▄▄ [0m
  [47m[30m █ ▄▄▄ █ ▄ ██▀▄▀ ▀▀▀▄█  ██▀▀ █▀▄▀██ █  █ ▄▄▄ █ [0m
  [47m[30m █ ███ █ █▄▀█▄ █ ▄▀▀██▄█▄▄▀▄▀ ▀▄   ▄██ █ ███ █ [0m
  [47m[30m █▄▄▄▄▄█ █ █▀▄ █ █▀▄ █ ▄ █▀█▀█▀▄ ▄ ▄ ▄ █▄▄▄▄▄█ [0m
  [47m[30m ▄ ▄▄▄▄▄ ▀▀▀▀▄ ▄█▀▄ ██▄▄▄█▀█▀▀▀▀ ▀ █ ▀ ▄▄▄▄▄   [0m
  [47m[30m ▀ ▄▄▄▄▄█▄ ████ ▄█ ██  ▀█ ▀▄  ▀▀▄▀ ▄▀▀█▄▀▄▄▀▄▀ [0m
  [47m[30m   █▀▀▀▄▀▄▀▀ ▄█ ▀ █▄▄ ▄  █▄  ▄▀▄█▀█▄▀ ▀▄▄▀▀██▄ [0m
  [47m[30m ▄▄██▄█▄▄▄▀▀█▀ ▄ ▄█▄ ▄▄ ▄█▄▄ ▄▄▄ ▀▀▄▀▀ ▄▄▀▀█▄▀ [0m
  [47m[30m █ █▄▄▄▄  ▀█▀█▄ █▀▄█   ▀▀▄▄▀▄▀▀▀▀▀ ▀▀▀█ ▀▀█▀   [0m
  [47m[30m ███ ▄▄▄█▀▄▄▀ ▄▄▄█▄▄ █▄█▄▄▄▄  ▄▀ ▀ ▄▄▀▀▄▀█▄▄█▀ [0m
  [47m[30m ▄ ████▄▄▄█▄  ▀▀▀▀██▄▄▄▄▄▄█▀▄▀▀▀█ ▄▀█▄███▄█▀▄▀ [0m
  [47m[30m   ▀▀█ ▄ █ ▀▄▀   █▀▄▄█ ▄ █ ▀▄▀▀▀█▄▄▄▀█ ▄ ██ ▀▀ [0m
  [47m[30m ▀▀ ▀█▄▄▄█▀▄ ▀▀█ ▄▀█▄█▄▄▄█▀ ▀▀▄▀▄ █ ▀█▄▄▄█▀▀█  [0m
  [47m[30m  ▀█  ▄▄█▀▄▀▀██▀█▄▀▀▀█▄▀▀ █▄▀▀▀▀ ▀▄▄ ▄▀ ▄▄▄█▄▀ [0m
  [47m[30m ▄ ▀██ ▄ █▀█▄█▀ ▀ █▀▄▀ ▀█▀▀▄▄█▄▄▄▀▀▀▀▀▀▄█▄ ▀ ▀ [0m
  [47m[30m █ ▀▄█▄▄▄▄▄▀▀▄█▀█ ▄ ▄▀▄▀█ ▄▄▄▄▀▄▀▀▀▄▀█▀   ███▀ [0m
  [47m[30m ███ ▀▄▄ █ ▄█▄▄▀  █ ███▀▄▄▀▄▀▀█▄█▀▀▄ ▄█▀▀█▀▀ ▄ [0m
  [47m[30m   ▀▀▄ ▄▀▄█▄▀█ ▄  ▀ ▀▄ █▀▄█ ▀ ▄▀▀▄█▄▀█▀    ▀█▀ [0m
  [47m[30m ▄▀▀██ ▄▀█ ▄    ▀ ██▀██▄███▀▄▀  ▀█▄▄▀███▄▄▀▀█  [0m
  [47m[30m ▄▄▄▄▄▄▄ ▀█▀█▀▀▀ █ ▄▄█ ▄ █▄█ ▄ ▀▄ ▀▀▄█ ▄ █ ▀ ▀ [0m
  [47m[30m █ ▄▄▄ █ ██ ▀▀▄▄ ▀█▄▀█▄▄▄█  █▀█ ▀▀▀ ▄█▄▄▄█▀▀▀▀ [0m
  [47m[30m █ ███ █ █▀▀█▀█   ▄▄▀▀█ ▀▀▀▄█▀▀▀█ ▄▄▀▄▀▀▀▀██▄▀ [0m
  [47m[30m █▄▄▄▄▄█ ▄▄▄▄▄█▀█ ▄ ▀▀▄  ▄█ ▀▄▄█▀▀▀▄ ██▄▀█▄▀▄  [0m
  [47m[30m[0m[37m▀[47m[30m[0m[37m▀[47m[30m[0m[37m▀[47m[30m[0m[37m▀[47m[30m[0m[37m▀[47m[30m[0m[37m▀[47m[30m[0m[37m▀[47m[30m[0m[37m▀[47m[30m[0m[37m▀[47m[30m[0m[37m▀[47m[30m[0m[37m▀[47m[30m[0m[37m▀[47m[30m[0m[37m▀[47m[30m[0m[37m▀[47m[30m[0m[37m▀[47m[30m[0m[37m▀[47m[30m[0m[37m▀[47m[30m[0m[37m▀[47m[30m[0m[37m▀[47m[30m[0m[37m▀[47m[30m[0m[37m▀[47m[30m[0m[37m▀[47m[30m[0m[37m▀[47m[30m[0m[37m▀[47m[30m[0m[37m▀[47m[30m[0m[37m▀[47m[30m[0m[37m▀[47m[30m[0m[37m▀[47m[30m[0m[37m▀[47m[30m[0m[37m▀[47m[30m[0m[37m▀[47m[30m[0m[37m▀[47m[30m[0m[37m▀[47m[30m[0m[37m▀[47m[30m[0m[37m▀[47m[30m[0m[37m▀[47m[30m[0m[37m▀[47m[30m[0m[37m▀[47m[30m[0m[37m▀[47m[30m[0m[37m▀[47m[30m[0m[37m▀[47m[30m[0m[37m▀[47m[30m[0m[37m▀[47m[30m[0m[37m▀[47m[30m[0m[37m▀[47m[30m[0m[37m▀[47m[30m[0m[37m▀[47m[30m[0m
  [47m[30m[0m

  Pairing code: 96YCMB78

  Or enter this code in the Mobily app to pair your device.

Smoke test:   file:///home/kiran/code-wsl/mobily/cli/dev/smoke.html?port=39165&endpoint=wss%3A%2F%2Fb933bs6j-39165.asse.devtunnels.ms%2F
Press Ctrl+C to exit.
Inspect network activity: https://b933bs6j-39165-inspect.asse.devtunnels.ms

Ready to accept connections for tunnel: silent-mountain-01vfgt5.asse
